{smcl}
{txt}{sf}{ul off}{.-}
      name:  {res}<unnamed>
       {txt}log:  {res}/Users/mac/Documents/Stata/econometric/untitled.smcl
  {txt}log type:  {res}smcl
 {txt}opened on:  {res}21 Sep 2019, 14:44:05

{com}. webuse auto.dta,clear 
{txt}(1978 Automobile Data)

{com}. ttest price == 6000

{txt}One-sample t test
{hline 9}{c TT}{hline 68}
Variable{col 10}{c |}{col 16}Obs{col 27}Mean{col 35}Std. Err.{col 47}Std. Dev.{col 59}[95% Conf. Interval]
{hline 9}{c +}{hline 68}
   price {c |}{res}{col 12}     74{col 22} 6165.257{col 34} 342.8719{col 46} 2949.496{col 58} 5481.914{col 70}   6848.6
{txt}{hline 9}{c BT}{hline 68}
    mean = mean({res}price{txt})                                            t = {res}  0.4820
{txt}Ho: mean = {res}6000                                  {txt}degrees of freedom = {res}      73

   {txt}Ha: mean < {res}6000             {txt}Ha: mean != {res}6000               {txt}Ha: mean > {res}6000
 {txt}Pr(T < t) = {res}0.6844         {txt}Pr(|T| > |t|) = {res}0.6313          {txt}Pr(T > t) = {res}0.3156

{com}. cd
{res}/Users/mac

{com}. cd ~/documents/stata
{res}/Users/mac/Documents/Stata

{com}. ttest price ==6000 if foreign==0

{txt}One-sample t test
{hline 9}{c TT}{hline 68}
Variable{col 10}{c |}{col 16}Obs{col 27}Mean{col 35}Std. Err.{col 47}Std. Dev.{col 59}[95% Conf. Interval]
{hline 9}{c +}{hline 68}
   price {c |}{res}{col 12}     52{col 22} 6072.423{col 34} 429.4911{col 46} 3097.104{col 58} 5210.184{col 70} 6934.662
{txt}{hline 9}{c BT}{hline 68}
    mean = mean({res}price{txt})                                            t = {res}  0.1686
{txt}Ho: mean = {res}6000                                  {txt}degrees of freedom = {res}      51

   {txt}Ha: mean < {res}6000             {txt}Ha: mean != {res}6000               {txt}Ha: mean > {res}6000
 {txt}Pr(T < t) = {res}0.5666         {txt}Pr(|T| > |t|) = {res}0.8668          {txt}Pr(T > t) = {res}0.4334

{com}. ttest price, by(foreign)

{txt}Two-sample t test with equal variances
{hline 9}{c TT}{hline 68}
   Group{col 10}{c |}{col 16}Obs{col 27}Mean{col 35}Std. Err.{col 47}Std. Dev.{col 59}[95% Conf. Interval]
{hline 9}{c +}{hline 68}
Domestic {c |}{res}{col 12}     52{col 22} 6072.423{col 34} 429.4911{col 46} 3097.104{col 58} 5210.184{col 70} 6934.662
 {txt}Foreign {c |}{res}{col 12}     22{col 22} 6384.682{col 34} 558.9942{col 46} 2621.915{col 58}  5222.19{col 70} 7547.174
{txt}{hline 9}{c +}{hline 68}
combined {c |}{res}{col 12}     74{col 22} 6165.257{col 34} 342.8719{col 46} 2949.496{col 58} 5481.914{col 70}   6848.6
{txt}{hline 9}{c +}{hline 68}
    diff {c |}{res}{col 22}-312.2587{col 34} 754.4488{col 58}-1816.225{col 70} 1191.708
{txt}{hline 9}{c BT}{hline 68}
    diff = mean({res}Domestic{txt}) - mean({res}Foreign{txt})                         t = {res} -0.4139
{txt}Ho: diff = 0                                     degrees of freedom = {res}      72

    {txt}Ha: diff < 0                 Ha: diff != 0                 Ha: diff > 0
 Pr(T < t) = {res}0.3401         {txt}Pr(|T| > |t|) = {res}0.6802          {txt}Pr(T > t) = {res}0.6599

{com}. webuse fuel.dta,clear

. ttest mpg1 == mpg2,unpaired

{txt}Two-sample t test with equal variances
{hline 9}{c TT}{hline 68}
Variable{col 10}{c |}{col 16}Obs{col 27}Mean{col 35}Std. Err.{col 47}Std. Dev.{col 59}[95% Conf. Interval]
{hline 9}{c +}{hline 68}
    mpg1 {c |}{res}{col 12}     12{col 22}       21{col 34} .7881701{col 46} 2.730301{col 58} 19.26525{col 70} 22.73475
    {txt}mpg2 {c |}{res}{col 12}     12{col 22}    22.75{col 34} .9384465{col 46} 3.250874{col 58} 20.68449{col 70} 24.81551
{txt}{hline 9}{c +}{hline 68}
combined {c |}{res}{col 12}     24{col 22}   21.875{col 34} .6264476{col 46} 3.068954{col 58} 20.57909{col 70} 23.17091
{txt}{hline 9}{c +}{hline 68}
    diff {c |}{res}{col 22}    -1.75{col 34} 1.225518{col 58}-4.291568{col 70} .7915684
{txt}{hline 9}{c BT}{hline 68}
    diff = mean({res}mpg1{txt}) - mean({res}mpg2{txt})                                t = {res} -1.4280
{txt}Ho: diff = 0                                     degrees of freedom = {res}      22

    {txt}Ha: diff < 0                 Ha: diff != 0                 Ha: diff > 0
 Pr(T < t) = {res}0.0837         {txt}Pr(|T| > |t|) = {res}0.1673          {txt}Pr(T > t) = {res}0.9163

{com}. webuse fuel,clear

. ttest mpg1 == mpg2

{txt}Paired t test
{hline 9}{c TT}{hline 68}
Variable{col 10}{c |}{col 16}Obs{col 27}Mean{col 35}Std. Err.{col 47}Std. Dev.{col 59}[95% Conf. Interval]
{hline 9}{c +}{hline 68}
    mpg1 {c |}{res}{col 12}     12{col 22}       21{col 34} .7881701{col 46} 2.730301{col 58} 19.26525{col 70} 22.73475
    {txt}mpg2 {c |}{res}{col 12}     12{col 22}    22.75{col 34} .9384465{col 46} 3.250874{col 58} 20.68449{col 70} 24.81551
{txt}{hline 9}{c +}{hline 68}
    diff {c |}{res}{col 12}     12{col 22}    -1.75{col 34} .7797144{col 46}  2.70101{col 58} -3.46614{col 70}-.0338602
{txt}{hline 9}{c BT}{hline 68}
     mean(diff) = mean({res}mpg1{txt} - {res}mpg2{txt})                               t = {res} -2.2444
{txt} Ho: mean(diff) = 0                              degrees of freedom = {res}      11

 {txt}Ha: mean(diff) < 0           Ha: mean(diff) != 0           Ha: mean(diff) > 0
 Pr(T < t) = {res}0.0232         {txt}Pr(|T| > |t|) = {res}0.0463          {txt}Pr(T > t) = {res}0.9768

{com}. sysuse nlsw88,clear
{txt}(NLSW, 1988 extract)

{com}. tabulate race married, chi2

           {txt}{c |}        married
      race {c |}    single    married {c |}     Total
{hline 11}{c +}{hline 22}{c +}{hline 10}
     white {c |}{res}       487      1,150 {txt}{c |}{res}     1,637 
{txt}     black {c |}{res}       309        274 {txt}{c |}{res}       583 
{txt}     other {c |}{res}         8         18 {txt}{c |}{res}        26 
{txt}{hline 11}{c +}{hline 22}{c +}{hline 10}
     Total {c |}{res}       804      1,442 {txt}{c |}{res}     2,246 

{txt}          Pearson chi2({res}2{txt}) = {res}101.4215  {txt} Pr = {res}0.000

{com}. tabulate race married, cchi2 chi2
{txt}
{c TLC}{hline 19}{c TRC}
{c |} Key{col 21}{c |}
{c LT}{hline 19}{c RT}
{c |}{space 5}{it:frequency}{col 21}{c |}
{c |}{space 1}{it:chi2 contribution}{col 21}{c |}
{c BLC}{hline 19}{c BRC}

           {c |}        married
      race {c |}    single    married {c |}     Total
{hline 11}{c +}{hline 22}{c +}{hline 10}
     white {c |}{res}       487      1,150 {txt}{c |}{res}     1,637 
           {txt}{c |}{res}      16.7        9.3 {txt}{c |}{res}      26.0 
{txt}{hline 11}{c +}{hline 22}{c +}{hline 10}
     black {c |}{res}       309        274 {txt}{c |}{res}       583 
           {txt}{c |}{res}      48.2       26.9 {txt}{c |}{res}      75.1 
{txt}{hline 11}{c +}{hline 22}{c +}{hline 10}
     other {c |}{res}         8         18 {txt}{c |}{res}        26 
           {txt}{c |}{res}       0.2        0.1 {txt}{c |}{res}       0.3 
{txt}{hline 11}{c +}{hline 22}{c +}{hline 10}
     Total {c |}{res}       804      1,442 {txt}{c |}{res}     2,246 
           {txt}{c |}{res}      65.1       36.3 {txt}{c |}{res}     101.4 

{txt}          Pearson chi2({res}2{txt}) = {res}101.4215  {txt} Pr = {res}0.000

{com}. tabulate race married, cchi2 chi2 expected
{txt}
{c TLC}{hline 20}{c TRC}
{c |} Key{col 22}{c |}
{c LT}{hline 20}{c RT}
{c |}{space 5}{it:frequency}{col 22}{c |}
{c |}{space 1}{it:expected frequency}{col 22}{c |}
{c |}{space 1}{it:chi2 contribution}{col 22}{c |}
{c BLC}{hline 20}{c BRC}

           {c |}        married
      race {c |}    single    married {c |}     Total
{hline 11}{c +}{hline 22}{c +}{hline 10}
     white {c |}{res}       487      1,150 {txt}{c |}{res}     1,637 
           {txt}{c |}{res}     586.0    1,051.0 {txt}{c |}{res}   1,637.0 
           {txt}{c |}{res}      16.7        9.3 {txt}{c |}{res}      26.0 
{txt}{hline 11}{c +}{hline 22}{c +}{hline 10}
     black {c |}{res}       309        274 {txt}{c |}{res}       583 
           {txt}{c |}{res}     208.7      374.3 {txt}{c |}{res}     583.0 
           {txt}{c |}{res}      48.2       26.9 {txt}{c |}{res}      75.1 
{txt}{hline 11}{c +}{hline 22}{c +}{hline 10}
     other {c |}{res}         8         18 {txt}{c |}{res}        26 
           {txt}{c |}{res}       9.3       16.7 {txt}{c |}{res}      26.0 
           {txt}{c |}{res}       0.2        0.1 {txt}{c |}{res}       0.3 
{txt}{hline 11}{c +}{hline 22}{c +}{hline 10}
     Total {c |}{res}       804      1,442 {txt}{c |}{res}     2,246 
           {txt}{c |}{res}     804.0    1,442.0 {txt}{c |}{res}   2,246.0 
           {txt}{c |}{res}      65.1       36.3 {txt}{c |}{res}     101.4 

{txt}          Pearson chi2({res}2{txt}) = {res}101.4215  {txt} Pr = {res}0.000

{com}. tabulate race married, exact

{text}Enumerating sample-space combinations:
{text}stage 3:{col 11}enumerations = 1
{text}stage 2:{col 11}enumerations = 27
{text}stage 1:{col 11}enumerations = 0

           {c |}        married
      race {c |}    single    married {c |}     Total
{hline 11}{c +}{hline 22}{c +}{hline 10}
     white {c |}{res}       487      1,150 {txt}{c |}{res}     1,637 
{txt}     black {c |}{res}       309        274 {txt}{c |}{res}       583 
{txt}     other {c |}{res}         8         18 {txt}{c |}{res}        26 
{txt}{hline 11}{c +}{hline 22}{c +}{hline 10}
     Total {c |}{res}       804      1,442 {txt}{c |}{res}     2,246 

{txt}           Fisher's exact =                 {res}0.000

{com}. webuse cscmpl,clear
{err}{p 0 4 2}
file http://www.stata-press.com/data/r15/cscmpl.dta
not found
{p_end}
{txt}{search r(601), local:r(601);}

{com}. webuse cexmpl,clear
{err}{p 0 4 2}
file http://www.stata-press.com/data/r15/cexmpl.dta
not found
{p_end}
{txt}{search r(601), local:r(601);}

{com}. webuse csxmpl,clear

. list
{txt}
     {c TLC}{hline 6}{c -}{hline 5}{c -}{hline 5}{c TRC}
     {c |} {res}case   exp   pop {txt}{c |}
     {c LT}{hline 6}{c -}{hline 5}{c -}{hline 5}{c RT}
  1. {c |} {res}   1     1     7 {txt}{c |}
  2. {c |} {res}   1     0    12 {txt}{c |}
  3. {c |} {res}   0     1     9 {txt}{c |}
  4. {c |} {res}   0     0     2 {txt}{c |}
     {c BLC}{hline 6}{c -}{hline 5}{c -}{hline 5}{c BRC}

{com}. cs case exp [fweight = pop]

{col 18}{txt}{c |} exp{col 43}{c |}
{col 18}{c |}   Exposed   Unexposed  {c |}      Total
{hline 17}{c +}{hline 24}{c +}{hline 12}
           Cases {c |} {res}        7          12{txt}  {c |}  {res}       19
        {txt}Noncases {c |} {res}        9           2{txt}  {c |}  {res}       11
{txt}{hline 17}{c +}{hline 24}{c +}{hline 12}
{col 12}Total {c |} {res}       16          14{txt}  {c |}  {res}       30
{txt}{col 18}{c |}{col 43}{c |}
            Risk {c |} {res}    .4375    .8571429{txt}  {c |}  {res} .6333333
{txt}{col 18}{c |}{col 43}{c |}
{col 18}{c |}      Point estimate    {c |}    [95% Conf. Interval]
{col 18}{c LT}{hline 24}{c +}{hline 24}
 Risk difference {c |} {res}{col 27}-.4196429{txt}{col 43}{c |}   {res}-.7240828   -.1152029{txt} 
      Risk ratio {c |} {res}{col 27} .5104167{txt}{col 43}{c |}   {res} .2814332    .9257086{txt} 
 Prev. frac. ex. {c |} {res}{col 27} .4895833{txt}{col 43}{c |}   {res} .0742914    .7185668{txt} 
 Prev. frac. pop {c |} {res}{col 27} .2611111{txt}{col 43}{c |}
{col 18}{c BLC}{hline 24}{c BT}{hline 24}
{col 22}          chi2(1) ={res}     5.66{txt}  Pr>chi2 ={res} 0.0173

{com}. csi 7 12 9 2

{txt}{col 18}{c |}   Exposed   Unexposed  {c |}      Total
{hline 17}{c +}{hline 24}{c +}{hline 12}
           Cases {c |} {res}        7          12{txt}  {c |}  {res}       19
        {txt}Noncases {c |} {res}        9           2{txt}  {c |}  {res}       11
{txt}{hline 17}{c +}{hline 24}{c +}{hline 12}
{col 12}Total {c |} {res}       16          14{txt}  {c |}  {res}       30
{txt}{col 18}{c |}{col 43}{c |}
            Risk {c |} {res}    .4375    .8571429{txt}  {c |}  {res} .6333333
{txt}{col 18}{c |}{col 43}{c |}
{col 18}{c |}      Point estimate    {c |}    [95% Conf. Interval]
{col 18}{c LT}{hline 24}{c +}{hline 24}
 Risk difference {c |} {res}{col 27}-.4196429{txt}{col 43}{c |}   {res}-.7240828   -.1152029{txt} 
      Risk ratio {c |} {res}{col 27} .5104167{txt}{col 43}{c |}   {res} .2814332    .9257086{txt} 
 Prev. frac. ex. {c |} {res}{col 27} .4895833{txt}{col 43}{c |}   {res} .0742914    .7185668{txt} 
 Prev. frac. pop {c |} {res}{col 27} .2611111{txt}{col 43}{c |}
{col 18}{c BLC}{hline 24}{c BT}{hline 24}
{col 22}          chi2(1) ={res}     5.66{txt}  Pr>chi2 ={res} 0.0173

{com}. sysuse auto,clear
{txt}(1978 Automobile Data)

{com}. twoway scatter mpg weight
{res}
{com}. twoway lowess mpg weight
{res}
{com}. lowess mog weight
{err}variable {bf}mog{sf} not found
{txt}{search r(111), local:r(111);}

{com}. lowess mpg weight
{res}
{com}. twoway (scatter price mpg)
{res}
{com}. graph box mpg
{res}
{com}. reg mpg weight

{txt}      Source {c |}       SS           df       MS      Number of obs   ={res}        74
{txt}{hline 13}{c +}{hline 34}   F(1, 72)        = {res}   134.62
{txt}       Model {c |} {res}  1591.9902         1   1591.9902   {txt}Prob > F        ={res}    0.0000
{txt}    Residual {c |} {res} 851.469256        72  11.8259619   {txt}R-squared       ={res}    0.6515
{txt}{hline 13}{c +}{hline 34}   Adj R-squared   ={res}    0.6467
{txt}       Total {c |} {res} 2443.45946        73  33.4720474   {txt}Root MSE        =   {res} 3.4389

{txt}{hline 13}{c TT}{hline 11}{hline 11}{hline 9}{hline 8}{hline 13}{hline 12}
{col 1}         mpg{col 14}{c |}      Coef.{col 26}   Std. Err.{col 38}      t{col 46}   P>|t|{col 54}     [95% Con{col 67}f. Interval]
{hline 13}{c +}{hline 11}{hline 11}{hline 9}{hline 8}{hline 13}{hline 12}
{space 6}weight {c |}{col 14}{res}{space 2}-.0060087{col 26}{space 2} .0005179{col 37}{space 1}  -11.60{col 46}{space 3}0.000{col 54}{space 4}-.0070411{col 67}{space 3}-.0049763
{txt}{space 7}_cons {c |}{col 14}{res}{space 2} 39.44028{col 26}{space 2} 1.614003{col 37}{space 1}   24.44{col 46}{space 3}0.000{col 54}{space 4} 36.22283{col 67}{space 3} 42.65774
{txt}{hline 13}{c BT}{hline 11}{hline 11}{hline 9}{hline 8}{hline 13}{hline 12}
{res}
{com}. regress mpg weight

{txt}      Source {c |}       SS           df       MS      Number of obs   ={res}        74
{txt}{hline 13}{c +}{hline 34}   F(1, 72)        = {res}   134.62
{txt}       Model {c |} {res}  1591.9902         1   1591.9902   {txt}Prob > F        ={res}    0.0000
{txt}    Residual {c |} {res} 851.469256        72  11.8259619   {txt}R-squared       ={res}    0.6515
{txt}{hline 13}{c +}{hline 34}   Adj R-squared   ={res}    0.6467
{txt}       Total {c |} {res} 2443.45946        73  33.4720474   {txt}Root MSE        =   {res} 3.4389

{txt}{hline 13}{c TT}{hline 11}{hline 11}{hline 9}{hline 8}{hline 13}{hline 12}
{col 1}         mpg{col 14}{c |}      Coef.{col 26}   Std. Err.{col 38}      t{col 46}   P>|t|{col 54}     [95% Con{col 67}f. Interval]
{hline 13}{c +}{hline 11}{hline 11}{hline 9}{hline 8}{hline 13}{hline 12}
{space 6}weight {c |}{col 14}{res}{space 2}-.0060087{col 26}{space 2} .0005179{col 37}{space 1}  -11.60{col 46}{space 3}0.000{col 54}{space 4}-.0070411{col 67}{space 3}-.0049763
{txt}{space 7}_cons {c |}{col 14}{res}{space 2} 39.44028{col 26}{space 2} 1.614003{col 37}{space 1}   24.44{col 46}{space 3}0.000{col 54}{space 4} 36.22283{col 67}{space 3} 42.65774
{txt}{hline 13}{c BT}{hline 11}{hline 11}{hline 9}{hline 8}{hline 13}{hline 12}
{res}
{com}. rvfplot
{res}
{com}. predict cancha,residual

. predict cancha,residual
{err}variable {bf}cancha{sf} already defined
{txt}{search r(110), local:r(110);}

{com}. hist cancha
{txt}(bin={res}8{txt}, start={res}-6.9593482{txt}, width={res}2.5970982{txt})
{res}
{com}. qnorm cancha
{res}
{com}. sktest cancha
{res}
{col 21}{txt}Skewness/Kurtosis tests for Normality
{col 59}{hline 6} joint {hline 6}
{col 5}Variable {c |}        Obs  Pr(Skewness)  Pr(Kurtosis) adj chi2(2)   Prob>chi2
{hline 13}{c +}{hline 63}
      cancha {c |}{res}{col 16}        74{col 31}0.0000{col 45}0.0010{col 54}    20.82{col 72}0.0000

{com}. swilk cancha

                   {txt}Shapiro-Wilk W test for normal data

    Variable {c |}        Obs{col 33}W{col 45}V{col 55}z       Prob>z
{hline 13}{c +}{hline 54}
      cancha {c |} {res}        74    0.89593      6.702     4.150    0.00002

{com}. sfrancia cancha

{txt}{col 19}Shapiro-Francia W' test for normal data

    Variable {c |}       Obs{col 32}W'{col 44}V'{col 54}z       Prob>z
{hline 13}{c +}{hline 53}
      cancha {c |}{res}        74    0.88807      7.967     4.023    0.00003

{com}. quantile cancha
{res}
{com}. qnorm cancha
{res}
{com}. reg price weight length

{txt}      Source {c |}       SS           df       MS      Number of obs   ={res}        74
{txt}{hline 13}{c +}{hline 34}   F(2, 71)        = {res}    18.91
{txt}       Model {c |} {res}  220725280         2   110362640   {txt}Prob > F        ={res}    0.0000
{txt}    Residual {c |} {res}  414340116        71  5835776.28   {txt}R-squared       ={res}    0.3476
{txt}{hline 13}{c +}{hline 34}   Adj R-squared   ={res}    0.3292
{txt}       Total {c |} {res}  635065396        73  8699525.97   {txt}Root MSE        =   {res} 2415.7

{txt}{hline 13}{c TT}{hline 11}{hline 11}{hline 9}{hline 8}{hline 13}{hline 12}
{col 1}       price{col 14}{c |}      Coef.{col 26}   Std. Err.{col 38}      t{col 46}   P>|t|{col 54}     [95% Con{col 67}f. Interval]
{hline 13}{c +}{hline 11}{hline 11}{hline 9}{hline 8}{hline 13}{hline 12}
{space 6}weight {c |}{col 14}{res}{space 2} 4.699065{col 26}{space 2} 1.122339{col 37}{space 1}    4.19{col 46}{space 3}0.000{col 54}{space 4} 2.461184{col 67}{space 3} 6.936946
{txt}{space 6}length {c |}{col 14}{res}{space 2}-97.96031{col 26}{space 2}  39.1746{col 37}{space 1}   -2.50{col 46}{space 3}0.015{col 54}{space 4}-176.0722{col 67}{space 3}-19.84838
{txt}{space 7}_cons {c |}{col 14}{res}{space 2} 10386.54{col 26}{space 2} 4308.159{col 37}{space 1}    2.41{col 46}{space 3}0.019{col 54}{space 4} 1796.316{col 67}{space 3} 18976.76
{txt}{hline 13}{c BT}{hline 11}{hline 11}{hline 9}{hline 8}{hline 13}{hline 12}
{res}
{com}. reg price weight length mpg

{txt}      Source {c |}       SS           df       MS      Number of obs   ={res}        74
{txt}{hline 13}{c +}{hline 34}   F(3, 70)        = {res}    12.98
{txt}       Model {c |} {res}  226957412         3  75652470.6   {txt}Prob > F        ={res}    0.0000
{txt}    Residual {c |} {res}  408107984        70  5830114.06   {txt}R-squared       ={res}    0.3574
{txt}{hline 13}{c +}{hline 34}   Adj R-squared   ={res}    0.3298
{txt}       Total {c |} {res}  635065396        73  8699525.97   {txt}Root MSE        =   {res} 2414.6

{txt}{hline 13}{c TT}{hline 11}{hline 11}{hline 9}{hline 8}{hline 13}{hline 12}
{col 1}       price{col 14}{c |}      Coef.{col 26}   Std. Err.{col 38}      t{col 46}   P>|t|{col 54}     [95% Con{col 67}f. Interval]
{hline 13}{c +}{hline 11}{hline 11}{hline 9}{hline 8}{hline 13}{hline 12}
{space 6}weight {c |}{col 14}{res}{space 2} 4.364798{col 26}{space 2} 1.167455{col 37}{space 1}    3.74{col 46}{space 3}0.000{col 54}{space 4} 2.036383{col 67}{space 3} 6.693213
{txt}{space 6}length {c |}{col 14}{res}{space 2}-104.8682{col 26}{space 2} 39.72154{col 37}{space 1}   -2.64{col 46}{space 3}0.010{col 54}{space 4}-184.0903{col 67}{space 3}-25.64607
{txt}{space 9}mpg {c |}{col 14}{res}{space 2}-86.78928{col 26}{space 2} 83.94335{col 37}{space 1}   -1.03{col 46}{space 3}0.305{col 54}{space 4} -254.209{col 67}{space 3} 80.63046
{txt}{space 7}_cons {c |}{col 14}{res}{space 2} 14542.43{col 26}{space 2} 5890.632{col 37}{space 1}    2.47{col 46}{space 3}0.016{col 54}{space 4}  2793.94{col 67}{space 3} 26290.93
{txt}{hline 13}{c BT}{hline 11}{hline 11}{hline 9}{hline 8}{hline 13}{hline 12}
{res}
{com}. codebook rep78

{txt}{hline}
{res}rep78{right:Repair Record 1978}
{txt}{hline}

{col 19}type:  numeric ({res}int{txt})

{col 18}range:  [{res}1{txt},{res}5{txt}]{col 55}units:  {res}1
{col 10}{txt}unique values:  {res}5{col 51}{txt}missing .:  {res}5{txt}/{res}74

{txt}{col 13}tabulation:  Freq.  Value
{col 21}{res}         2{col 33}1
{col 21}         8{col 33}2
{col 21}        30{col 33}3
{col 21}        18{col 33}4
{col 21}        11{col 33}5
{col 21}         5{col 33}.

{com}. reg price weight length mpg rep78

{txt}      Source {c |}       SS           df       MS      Number of obs   ={res}        69
{txt}{hline 13}{c +}{hline 34}   F(4, 64)        = {res}    12.68
{txt}       Model {c |} {res}  255066807         4  63766701.9   {txt}Prob > F        ={res}    0.0000
{txt}    Residual {c |} {res}  321730151        64  5027033.62   {txt}R-squared       ={res}    0.4422
{txt}{hline 13}{c +}{hline 34}   Adj R-squared   ={res}    0.4074
{txt}       Total {c |} {res}  576796959        68  8482308.22   {txt}Root MSE        =   {res} 2242.1

{txt}{hline 13}{c TT}{hline 11}{hline 11}{hline 9}{hline 8}{hline 13}{hline 12}
{col 1}       price{col 14}{c |}      Coef.{col 26}   Std. Err.{col 38}      t{col 46}   P>|t|{col 54}     [95% Con{col 67}f. Interval]
{hline 13}{c +}{hline 11}{hline 11}{hline 9}{hline 8}{hline 13}{hline 12}
{space 6}weight {c |}{col 14}{res}{space 2} 4.959534{col 26}{space 2} 1.119624{col 37}{space 1}    4.43{col 46}{space 3}0.000{col 54}{space 4} 2.722827{col 67}{space 3} 7.196241
{txt}{space 6}length {c |}{col 14}{res}{space 2}-115.0177{col 26}{space 2} 38.56456{col 37}{space 1}   -2.98{col 46}{space 3}0.004{col 54}{space 4}-192.0592{col 67}{space 3}-37.97612
{txt}{space 9}mpg {c |}{col 14}{res}{space 2}-106.7122{col 26}{space 2} 81.15836{col 37}{space 1}   -1.31{col 46}{space 3}0.193{col 54}{space 4}-268.8446{col 67}{space 3} 55.42027
{txt}{space 7}rep78 {c |}{col 14}{res}{space 2} 910.9859{col 26}{space 2} 304.5274{col 37}{space 1}    2.99{col 46}{space 3}0.004{col 54}{space 4} 302.6226{col 67}{space 3} 1519.349
{txt}{space 7}_cons {c |}{col 14}{res}{space 2} 11934.51{col 26}{space 2} 5774.178{col 37}{space 1}    2.07{col 46}{space 3}0.043{col 54}{space 4} 399.2604{col 67}{space 3} 23469.75
{txt}{hline 13}{c BT}{hline 11}{hline 11}{hline 9}{hline 8}{hline 13}{hline 12}
{res}
{com}. reg price weight length mpg i.rep78

{txt}      Source {c |}       SS           df       MS      Number of obs   ={res}        69
{txt}{hline 13}{c +}{hline 34}   F(7, 61)        = {res}     7.25
{txt}       Model {c |} {res}  262008114         7  37429730.6   {txt}Prob > F        ={res}    0.0000
{txt}    Residual {c |} {res}  314788844        61  5160472.86   {txt}R-squared       ={res}    0.4542
{txt}{hline 13}{c +}{hline 34}   Adj R-squared   ={res}    0.3916
{txt}       Total {c |} {res}  576796959        68  8482308.22   {txt}Root MSE        =   {res} 2271.7

{txt}{hline 13}{c TT}{hline 11}{hline 11}{hline 9}{hline 8}{hline 13}{hline 12}
{col 1}       price{col 14}{c |}      Coef.{col 26}   Std. Err.{col 38}      t{col 46}   P>|t|{col 54}     [95% Con{col 67}f. Interval]
{hline 13}{c +}{hline 11}{hline 11}{hline 9}{hline 8}{hline 13}{hline 12}
{space 6}weight {c |}{col 14}{res}{space 2} 5.186695{col 26}{space 2} 1.163383{col 37}{space 1}    4.46{col 46}{space 3}0.000{col 54}{space 4} 2.860367{col 67}{space 3} 7.513022
{txt}{space 6}length {c |}{col 14}{res}{space 2}-124.1544{col 26}{space 2} 40.07637{col 37}{space 1}   -3.10{col 46}{space 3}0.003{col 54}{space 4} -204.292{col 67}{space 3}-44.01671
{txt}{space 9}mpg {c |}{col 14}{res}{space 2}-126.8367{col 26}{space 2} 84.49819{col 37}{space 1}   -1.50{col 46}{space 3}0.138{col 54}{space 4}-295.8012{col 67}{space 3} 42.12791
{txt}{space 12} {c |}
{space 7}rep78 {c |}
{space 10}2  {c |}{col 14}{res}{space 2} 1137.284{col 26}{space 2} 1803.332{col 37}{space 1}    0.63{col 46}{space 3}0.531{col 54}{space 4}-2468.701{col 67}{space 3} 4743.269
{txt}{space 10}3  {c |}{col 14}{res}{space 2} 1254.642{col 26}{space 2} 1661.545{col 37}{space 1}    0.76{col 46}{space 3}0.453{col 54}{space 4}-2067.823{col 67}{space 3} 4577.108
{txt}{space 10}4  {c |}{col 14}{res}{space 2} 2267.188{col 26}{space 2} 1698.018{col 37}{space 1}    1.34{col 46}{space 3}0.187{col 54}{space 4}-1128.208{col 67}{space 3} 5662.584
{txt}{space 10}5  {c |}{col 14}{res}{space 2} 3850.759{col 26}{space 2} 1787.272{col 37}{space 1}    2.15{col 46}{space 3}0.035{col 54}{space 4} 276.8886{col 67}{space 3}  7424.63
{txt}{space 12} {c |}
{space 7}_cons {c |}{col 14}{res}{space 2} 14614.49{col 26}{space 2} 6155.842{col 37}{space 1}    2.37{col 46}{space 3}0.021{col 54}{space 4} 2305.125{col 67}{space 3} 26923.86
{txt}{hline 13}{c BT}{hline 11}{hline 11}{hline 9}{hline 8}{hline 13}{hline 12}
{res}
{com}. reg price weight

{txt}      Source {c |}       SS           df       MS      Number of obs   ={res}        74
{txt}{hline 13}{c +}{hline 34}   F(1, 72)        = {res}    29.42
{txt}       Model {c |} {res}  184233937         1   184233937   {txt}Prob > F        ={res}    0.0000
{txt}    Residual {c |} {res}  450831459        72  6261548.04   {txt}R-squared       ={res}    0.2901
{txt}{hline 13}{c +}{hline 34}   Adj R-squared   ={res}    0.2802
{txt}       Total {c |} {res}  635065396        73  8699525.97   {txt}Root MSE        =   {res} 2502.3

{txt}{hline 13}{c TT}{hline 11}{hline 11}{hline 9}{hline 8}{hline 13}{hline 12}
{col 1}       price{col 14}{c |}      Coef.{col 26}   Std. Err.{col 38}      t{col 46}   P>|t|{col 54}     [95% Con{col 67}f. Interval]
{hline 13}{c +}{hline 11}{hline 11}{hline 9}{hline 8}{hline 13}{hline 12}
{space 6}weight {c |}{col 14}{res}{space 2} 2.044063{col 26}{space 2} .3768341{col 37}{space 1}    5.42{col 46}{space 3}0.000{col 54}{space 4} 1.292857{col 67}{space 3} 2.795268
{txt}{space 7}_cons {c |}{col 14}{res}{space 2}-6.707353{col 26}{space 2}  1174.43{col 37}{space 1}   -0.01{col 46}{space 3}0.995{col 54}{space 4} -2347.89{col 67}{space 3} 2334.475
{txt}{hline 13}{c BT}{hline 11}{hline 11}{hline 9}{hline 8}{hline 13}{hline 12}
{res}
{com}. generate mean_weitht=weight-mean(weight) before length
{err}unknown function mean()
{txt}{search r(133), local:r(133);}

{com}. generate mean_weitht=weight-3019.459 before length
{err}invalid 'before' 
{txt}{search r(198), local:r(198);}

{com}. generate mean_weitht=weight-3019.459,before length
{err}option {bf:before} incorrectly specified
{txt}{search r(198), local:r(198);}

{com}. generate mean_weitht=weight-3019.459

. reg price mean_weight
{err}variable {bf}mean_weight{sf} not found
{txt}{search r(111), local:r(111);}

{com}. generate mean_weitht = weight-3019.459
{err}variable {bf}mean_weitht{sf} already defined
{txt}{search r(110), local:r(110);}

{com}. reg price mean_weitht

{txt}      Source {c |}       SS           df       MS      Number of obs   ={res}        74
{txt}{hline 13}{c +}{hline 34}   F(1, 72)        = {res}    29.42
{txt}       Model {c |} {res}  184233940         1   184233940   {txt}Prob > F        ={res}    0.0000
{txt}    Residual {c |} {res}  450831456        72  6261548.01   {txt}R-squared       ={res}    0.2901
{txt}{hline 13}{c +}{hline 34}   Adj R-squared   ={res}    0.2802
{txt}       Total {c |} {res}  635065396        73  8699525.97   {txt}Root MSE        =   {res} 2502.3

{txt}{hline 13}{c TT}{hline 11}{hline 11}{hline 9}{hline 8}{hline 13}{hline 12}
{col 1}       price{col 14}{c |}      Coef.{col 26}   Std. Err.{col 38}      t{col 46}   P>|t|{col 54}     [95% Con{col 67}f. Interval]
{hline 13}{c +}{hline 11}{hline 11}{hline 9}{hline 8}{hline 13}{hline 12}
{space 1}mean_weitht {c |}{col 14}{res}{space 2} 2.044063{col 26}{space 2} .3768341{col 37}{space 1}    5.42{col 46}{space 3}0.000{col 54}{space 4} 1.292857{col 67}{space 3} 2.795268
{txt}{space 7}_cons {c |}{col 14}{res}{space 2} 6165.256{col 26}{space 2} 290.8875{col 37}{space 1}   21.19{col 46}{space 3}0.000{col 54}{space 4} 5585.382{col 67}{space 3} 6745.129
{txt}{hline 13}{c BT}{hline 11}{hline 11}{hline 9}{hline 8}{hline 13}{hline 12}
{res}
{com}. log close
      {txt}name:  {res}<unnamed>
       {txt}log:  {res}/Users/mac/Documents/Stata/econometric/untitled.smcl
  {txt}log type:  {res}smcl
 {txt}closed on:  {res}21 Sep 2019, 16:16:02
{txt}{.-}
{smcl}
{txt}{sf}{ul off}